// Jest Snapshot v1, https://goo.gl/fbAQLP

exports[`Bounce Rule Detailed should render correctly 1`] = `undefined`;
